[annaellenberger.com/index.html]
[backblue.gif]
[fade.gif]
[index.html]
[annaellenberger.com/feed/index.html]
[annaellenberger.com/comments/feed/index.html]
[annaellenberger.com/wp-content/themes/astra/assets/fonts/astra.woff]
[annaellenberger.com/wp-content/plugins/google-analytics-for-wordpress/assets/js/frontend-gtag.min117a.js]
[annaellenberger.com/wp-json/wp/v2/pages/8.json]
[annaellenberger.com/wp-json/index.html]
[annaellenberger.com/xmlrpc0db0.php]
[annaellenberger.com/wp-json/oembed/1.0/embed1b18.json]
[annaellenberger.com/wp-json/oembed/1.0/embedf194]
[annaellenberger.com/wp-content/uploads/2021/01/circle-logo-150x150.png]
[annaellenberger.com/wp-content/uploads/2021/01/circle-logo-300x300.png]
[annaellenberger.com/wp-content/uploads/2021/01/cropped-2020-website-logo-01-1-303x68.png]
[annaellenberger.com/wp-content/uploads/elementor/thumbs/artsona-tumblr-profile-p1150iikxqslzyxtnth5zcol0seit5giitqkkmzl8k.png]
[annaellenberger.com/wp-content/uploads/2021/01/hades.jpg]
[annaellenberger.com/wp-content/uploads/2021/01/aaravos-stars-social.jpg]
[annaellenberger.com/wp-content/uploads/2021/01/nebula-sm.jpg]
[annaellenberger.com/wp-content/uploads/2021/01/nox-bright-soc.jpg]
[annaellenberger.com/wp-content/uploads/2021/01/azazel.jpg]
[annaellenberger.com/wp-content/uploads/2021/01/soc-media-1.jpg]
[annaellenberger.com/wp-content/uploads/2021/01/HORNET_INSTAGRAM.jpg]
[annaellenberger.com/wp-content/uploads/2021/01/HORNET_INSTAGRAM-668x1024.jpg]
[annaellenberger.com/wp-content/uploads/2021/01/blurred.jpg]
[annaellenberger.com/wp-content/uploads/2021/01/blurred-668x1024.jpg]
[annaellenberger.com/wp-content/uploads/2021/01/Youtube-Banner-1024x576.jpg]
[annaellenberger.com/wp-content/themes/astra/assets/js/minified/style.min3ab2.js]
[annaellenberger.com/wp-includes/js/dist/vendor/regenerator-runtime.min3937.js]
[annaellenberger.com/wp-includes/js/dist/vendor/wp-polyfill.min2c7c.js]
[annaellenberger.com/wp-content/plugins/contact-form-7/includes/js/index7661.js]
[annaellenberger.com/wp-content/plugins/elementor/assets/js/webpack.runtime.mina767.js]
[annaellenberger.com/wp-includes/js/jquery/jquery.minaf6c.js]
[annaellenberger.com/wp-includes/js/jquery/jquery-migrate.mind617.js]
[annaellenberger.com/wp-content/plugins/elementor/assets/js/frontend-modules.mina767.js]
[annaellenberger.com/wp-content/plugins/elementor/assets/lib/waypoints/waypoints.min05da.js]
[annaellenberger.com/wp-includes/js/jquery/ui/core.min0028.js]
[annaellenberger.com/wp-content/plugins/elementor/assets/lib/swiper/swiper.min48f5.js]
[annaellenberger.com/wp-content/plugins/elementor/assets/lib/share-link/share-link.mina767.js]
[annaellenberger.com/wp-content/plugins/elementor/assets/lib/dialog/dialog.mind227.js]
[annaellenberger.com/wp-content/plugins/elementor/assets/js/frontend.mina767.js]
[annaellenberger.com/wp-content/plugins/elementor/assets/js/preloaded-modules.mina767.js]
[annaellenberger.com/index.html]
[annaellenberger.com/wp-content/themes/astra/assets/css/minified/style.min3ab2.css]
[annaellenberger.com/wp-includes/css/dist/block-library/style.min37ad.css]
[annaellenberger.com/wp-content/plugins/contact-form-7/includes/css/styles7661.css]
[annaellenberger.com/wp-content/themes/astra/assets/css/minified/compatibility/contact-form-7-main.min3ab2.css]
[annaellenberger.com/wp-content/plugins/elementor/assets/lib/eicons/fonts/eicons5519.eot]
[annaellenberger.com/wp-content/plugins/elementor/assets/lib/eicons/fonts/eicons5519.woff2]
[annaellenberger.com/wp-content/plugins/elementor/assets/lib/eicons/fonts/eicons5519.woff]
[annaellenberger.com/wp-content/plugins/elementor/assets/lib/eicons/fonts/eicons5519.ttf]
[annaellenberger.com/wp-content/plugins/elementor/assets/lib/eicons/css/elementor-icons.min7816.css]
[annaellenberger.com/wp-content/plugins/elementor/assets/css/frontend-legacy.mina767.css]
[annaellenberger.com/wp-content/plugins/elementor/assets/css/frontend.mina767.css]
[annaellenberger.com/wp-content/uploads/elementor/css/post-7a293.css]
[annaellenberger.com/wp-content/uploads/elementor/css/global8848.css]
[annaellenberger.com/wp-content/uploads/elementor/css/post-88848.css]
[annaellenberger.com/wp-content/plugins/elementor/assets/lib/font-awesome/css/fontawesome.min52d5.css]
[annaellenberger.com/wp-content/plugins/elementor/assets/lib/font-awesome/webfonts/fa-brands-400.eot]
[annaellenberger.com/wp-content/plugins/elementor/assets/lib/font-awesome/webfonts/fa-brands-400d41d.eot]
[annaellenberger.com/wp-content/plugins/elementor/assets/lib/font-awesome/webfonts/fa-brands-400.woff2]
[annaellenberger.com/wp-content/plugins/elementor/assets/lib/font-awesome/webfonts/fa-brands-400.woff]
[annaellenberger.com/wp-content/plugins/elementor/assets/lib/font-awesome/webfonts/fa-brands-400.ttf]
[annaellenberger.com/wp-content/plugins/elementor/assets/lib/font-awesome/css/brands.min52d5.css]
[annaellenberger.com/wp-includes/wlwmanifest.html]
[annaellenberger.com/wp-content/themes/astra/assets/css/minified/galleries.min3ab2.css]
[annaellenberger.com/wp-content/plugins/elementor/assets/lib/animations/animations.mina767.css]
[annaellenberger.com/wp-content/plugins/elementor/assets/lib/eicons/fonts/eicons5519.svg]
[annaellenberger.com/wp-content/plugins/elementor/assets/lib/font-awesome/webfonts/fa-brands-400.svg]
